// Jest Snapshot v1, https://goo.gl/fbAQLP

exports[`matches snapshot 1`] = `
<p
  className="sc-bdfBwQ knDrYM"
  data-testid="SkeletonState"
  width="30%"
/>
`;
